// Jest Snapshot v1, https://goo.gl/fbAQLP

exports[`Layout renders children correctly 1`] = `
<div>
  <div
    className="root"
  >
    <div
      className="container"
    >
      <div
        className="banner"
      >
        <h1
          className="bannerTitle"
        >
          Insurance Cards
        </h1>
      </div>
    </div>
  </div>
  <div
    className="child"
  />
  <div
    className="root"
  >
    <div
      className="container"
    >
      <span>
        Made by Jered Marshall with 
      </span>
      <a
        href="https://github.com/kriasoft/react-starter-kit"
        rel="noopener noreferrer"
        target="_blank"
      >
        React Starter Kit
      </a>
    </div>
  </div>
</div>
`;
